C:\Sys_Hes_Anb\Forms\Anbardary\AnbardaryGoroohKala1Form.vb(84,48): error BC30037: Character is not valid. [c:\Sys_Hes_Anb\Sys_Hes_Anb.vbproj]
C:\Sys_Hes_Anb\Forms\Anbardary\AnbardaryGoroohKala1Form.vb(387,51): error BC30037: Character is not valid. [c:\Sys_Hes_Anb\Sys_Hes_Anb.vbproj]
C:\Sys_Hes_Anb\Forms\Anbardary\AnbardaryGoroohKala1Form.vb(389,24): error BC30451: 'confirm' is not declared. It may be inaccessible due to its protection level. [c:\Sys_Hes_Anb\Sys_Hes_Anb.vbproj]
C:\Sys_Hes_Anb\Forms\Anbardary\AnbardaryGoroohKala1Form.vb(404,41): error BC30037: Character is not valid. [c:\Sys_Hes_Anb\Sys_Hes_Anb.vbproj]
C:\Sys_Hes_Anb\Forms\Anbardary\AnbardaryGoroohKala1Form.vb(467,47): error BC30037: Character is not valid. [c:\Sys_Hes_Anb\Sys_Hes_Anb.vbproj]
C:\Sys_Hes_Anb\Forms\Anbardary\AnbardaryGoroohKala1Form.vb(468,47): error BC30035: Syntax error. [c:\Sys_Hes_Anb\Sys_Hes_Anb.vbproj]
C:\Sys_Hes_Anb\Forms\Anbardary\AnbardaryGoroohKala1Form.vb(469,47): error BC30035: Syntax error. [c:\Sys_Hes_Anb\Sys_Hes_Anb.vbproj]
C:\Sys_Hes_Anb\Forms\Anbardary\AnbardaryGoroohKala1Form.vb(470,47): error BC30454: Expression is not a method. [c:\Sys_Hes_Anb\Sys_Hes_Anb.vbproj]
C:\Sys_Hes_Anb\Forms\Anbardary\AnbardaryGoroohKala1Form.vb(470,76): error BC30800: Method arguments must be enclosed in parentheses. [c:\Sys_Hes_Anb\Sys_Hes_Anb.vbproj]
C:\Sys_Hes_Anb\Forms\Anbardary\AnbardaryGoroohKala1Form.vb(470,101): error BC30205: End of statement expected. [c:\Sys_Hes_Anb\Sys_Hes_Anb.vbproj]
C:\Sys_Hes_Anb\Forms\Anbardary\AnbardaryGoroohKala1Form.vb(524,32): error BC30037: Character is not valid. [c:\Sys_Hes_Anb\Sys_Hes_Anb.vbproj]
C:\Sys_Hes_Anb\Forms\Anbardary\AnbardaryGoroohKala2Form.vb(43,46): error BC30037: Character is not valid. [c:\Sys_Hes_Anb\Sys_Hes_Anb.vbproj]
C:\Sys_Hes_Anb\Forms\Anbardary\AnbardaryGoroohKala2Form.vb(57,42): error BC30037: Character is not valid. [c:\Sys_Hes_Anb\Sys_Hes_Anb.vbproj]
C:\Sys_Hes_Anb\Forms\Anbardary\AnbardaryNamAnbar2Form.vb(150,32): error BC30037: Character is not valid. [c:\Sys_Hes_Anb\Sys_Hes_Anb.vbproj]
C:\Sys_Hes_Anb\Forms\Anbardary\AnbardaryNamAnbar2Form.vb(151,42): error BC30451: 'nodeText' is not declared. It may be inaccessible due to its protection level. [c:\Sys_Hes_Anb\Sys_Hes_Anb.vbproj]
C:\Sys_Hes_Anb\Forms\Anbardary\AnbardaryNamAnbar2Form.vb(191,37): error BC30037: Character is not valid. [c:\Sys_Hes_Anb\Sys_Hes_Anb.vbproj]
C:\Sys_Hes_Anb\Forms\Anbardary\AnbardaryNamAnbar2Form.vb(193,20): error BC30451: 'row' is not declared. It may be inaccessible due to its protection level. [c:\Sys_Hes_Anb\Sys_Hes_Anb.vbproj]
C:\Sys_Hes_Anb\Forms\Anbardary\AnbardaryNamAnbar2Form.vb(194,51): error BC30451: 'row' is not declared. It may be inaccessible due to its protection level. [c:\Sys_Hes_Anb\Sys_Hes_Anb.vbproj]
C:\Sys_Hes_Anb\Forms\Anbardary\AnbardaryNamAnbar2Form.vb(197,64): error BC30037: Character is not valid. [c:\Sys_Hes_Anb\Sys_Hes_Anb.vbproj]
C:\Sys_Hes_Anb\Forms\Anbardary\AnbardaryNamAnbar2Form.vb(198,25): error BC30451: 'addChildItem' is not declared. It may be inaccessible due to its protection level. [c:\Sys_Hes_Anb\Sys_Hes_Anb.vbproj]
C:\Sys_Hes_Anb\Forms\Anbardary\AnbardaryNamAnbar2Form.vb(224,33): error BC30037: Character is not valid. [c:\Sys_Hes_Anb\Sys_Hes_Anb.vbproj]
C:\Sys_Hes_Anb\Forms\Anbardary\AnbardaryNamAnbar2Form.vb(225,16): error BC30451: 'row' is not declared. It may be inaccessible due to its protection level. [c:\Sys_Hes_Anb\Sys_Hes_Anb.vbproj]
C:\Sys_Hes_Anb\Forms\Anbardary\AnbardaryNamAnbar2Form.vb(226,43): error BC30451: 'row' is not declared. It may be inaccessible due to its protection level. [c:\Sys_Hes_Anb\Sys_Hes_Anb.vbproj]
C:\Sys_Hes_Anb\Forms\Anbardary\AnbardaryNamAnbar2Form.vb(226,109): error BC30451: 'row' is not declared. It may be inaccessible due to its protection level. [c:\Sys_Hes_Anb\Sys_Hes_Anb.vbproj]
C:\Sys_Hes_Anb\Forms\Anbardary\AnbardaryNamAnbar2Form.vb(226,144): error BC30451: 'row' is not declared. It may be inaccessible due to its protection level. [c:\Sys_Hes_Anb\Sys_Hes_Anb.vbproj]
C:\Sys_Hes_Anb\Forms\Anbardary\AnbardaryNamAnbar2Form.vb(236,37): error BC30037: Character is not valid. [c:\Sys_Hes_Anb\Sys_Hes_Anb.vbproj]
C:\Sys_Hes_Anb\Forms\Anbardary\AnbardaryNamAnbar2Form.vb(237,20): error BC30451: 'row' is not declared. It may be inaccessible due to its protection level. [c:\Sys_Hes_Anb\Sys_Hes_Anb.vbproj]
C:\Sys_Hes_Anb\Forms\Anbardary\AnbardaryNamAnbar2Form.vb(238,53): error BC30451: 'row' is not declared. It may be inaccessible due to its protection level. [c:\Sys_Hes_Anb\Sys_Hes_Anb.vbproj]
C:\Sys_Hes_Anb\Forms\Anbardary\AnbardaryNamAnbar2Form.vb(239,52): error BC30451: 'row' is not declared. It may be inaccessible due to its protection level. [c:\Sys_Hes_Anb\Sys_Hes_Anb.vbproj]
C:\Sys_Hes_Anb\Forms\Anbardary\AnbardaryNamKala2Form.vb(142,45): error BC30037: Character is not valid. [c:\Sys_Hes_Anb\Sys_Hes_Anb.vbproj]
C:\Sys_Hes_Anb\Forms\Anbardary\AnbardaryNamKala2Form.vb(166,47): error BC30037: Character is not valid. [c:\Sys_Hes_Anb\Sys_Hes_Anb.vbproj]
C:\Sys_Hes_Anb\Forms\Anbardary\AnbardaryNamKala2Form.vb(185,52): error BC30037: Character is not valid. [c:\Sys_Hes_Anb\Sys_Hes_Anb.vbproj]
C:\Sys_Hes_Anb\Forms\Anbardary\AnbardaryNamKala2Form.vb(299,33): error BC30037: Character is not valid. [c:\Sys_Hes_Anb\Sys_Hes_Anb.vbproj]
C:\Sys_Hes_Anb\Forms\Anbardary\AnbardaryNamKala2Form.vb(371,45): error BC30037: Character is not valid. [c:\Sys_Hes_Anb\Sys_Hes_Anb.vbproj]
C:\Sys_Hes_Anb\Forms\Anbardary\AnbardaryNamKala2Form.vb(390,47): error BC30037: Character is not valid. [c:\Sys_Hes_Anb\Sys_Hes_Anb.vbproj]
C:\Sys_Hes_Anb\Forms\Anbardary\AnbardaryNamKala2Form.vb(410,52): error BC30037: Character is not valid. [c:\Sys_Hes_Anb\Sys_Hes_Anb.vbproj]
C:\Sys_Hes_Anb\Forms\Anbardary\AnbardaryVahedKala1Form.vb(266,43): error BC30037: Character is not valid. [c:\Sys_Hes_Anb\Sys_Hes_Anb.vbproj]
C:\Sys_Hes_Anb\Forms\Anbardary\AnbardaryVahedKala1Form.vb(268,16): error BC30451: 'confirm' is not declared. It may be inaccessible due to its protection level. [c:\Sys_Hes_Anb\Sys_Hes_Anb.vbproj]
C:\Sys_Hes_Anb\Forms\Anbardary\AnbardaryVahedKala1Form.vb(297,32): error BC30037: Character is not valid. [c:\Sys_Hes_Anb\Sys_Hes_Anb.vbproj]
C:\Sys_Hes_Anb\Forms\Anbardary\AnbardaryVahedKala2Form.vb(129,39): error BC30037: Character is not valid. [c:\Sys_Hes_Anb\Sys_Hes_Anb.vbproj]
C:\Sys_Hes_Anb\Forms\Anbardary\AnbardaryVahedKala2Form.vb(139,39): error BC30037: Character is not valid. [c:\Sys_Hes_Anb\Sys_Hes_Anb.vbproj]
C:\Sys_Hes_Anb\Forms\Anbardary\LocationSelectorForm.vb(64,32): error BC30037: Character is not valid. [c:\Sys_Hes_Anb\Sys_Hes_Anb.vbproj]
C:\Sys_Hes_Anb\Forms\Anbardary\LocationSelectorForm.vb(65,42): error BC30451: 'nodeText' is not declared. It may be inaccessible due to its protection level. [c:\Sys_Hes_Anb\Sys_Hes_Anb.vbproj]
C:\Sys_Hes_Anb\Forms\Hesabdary\HesabdaryBalanceSheetReportControl.vb(238,67): error BC30037: Character is not valid. [c:\Sys_Hes_Anb\Sys_Hes_Anb.vbproj]
C:\Sys_Hes_Anb\Forms\Hesabdary\HesabdaryBalanceSheetReportControl.vb(239,66): error BC30037: Character is not valid. [c:\Sys_Hes_Anb\Sys_Hes_Anb.vbproj]
C:\Sys_Hes_Anb\Forms\Hesabdary\HesabdaryBalanceSheetReportControl.vb(241,57): error BC30037: Character is not valid. [c:\Sys_Hes_Anb\Sys_Hes_Anb.vbproj]
C:\Sys_Hes_Anb\Forms\Hesabdary\HesabdaryBalanceSheetReportControl.vb(242,57): error BC30037: Character is not valid. [c:\Sys_Hes_Anb\Sys_Hes_Anb.vbproj]
C:\Sys_Hes_Anb\Forms\Hesabdary\HesabdaryBalanceSheetReportControl.vb(243,57): error BC30037: Character is not valid. [c:\Sys_Hes_Anb\Sys_Hes_Anb.vbproj]
C:\Sys_Hes_Anb\Forms\Hesabdary\HesabdaryBalanceSheetReportControl.vb(244,58): error BC30037: Character is not valid. [c:\Sys_Hes_Anb\Sys_Hes_Anb.vbproj]
C:\Sys_Hes_Anb\Forms\Hesabdary\HesabdaryBalanceSheetReportControl.vb(245,58): error BC30037: Character is not valid. [c:\Sys_Hes_Anb\Sys_Hes_Anb.vbproj]
C:\Sys_Hes_Anb\Forms\Hesabdary\HesabdaryBalanceSheetReportControl.vb(248,34): error BC30451: 'rangeMethodStr' is not declared. It may be inaccessible due to its protection level. [c:\Sys_Hes_Anb\Sys_Hes_Anb.vbproj]
C:\Sys_Hes_Anb\Forms\Hesabdary\HesabdaryBalanceSheetReportControl.vb(250,38): error BC30451: 'rangeValueStr' is not declared. It may be inaccessible due to its protection level. [c:\Sys_Hes_Anb\Sys_Hes_Anb.vbproj]
C:\Sys_Hes_Anb\Forms\Hesabdary\HesabdaryBalanceSheetReportControl.vb(253,54): error BC30451: 'gStr' is not declared. It may be inaccessible due to its protection level. [c:\Sys_Hes_Anb\Sys_Hes_Anb.vbproj]
C:\Sys_Hes_Anb\Forms\Hesabdary\HesabdaryBalanceSheetReportControl.vb(254,52): error BC30451: 'kStr' is not declared. It may be inaccessible due to its protection level. [c:\Sys_Hes_Anb\Sys_Hes_Anb.vbproj]
C:\Sys_Hes_Anb\Forms\Hesabdary\HesabdaryBalanceSheetReportControl.vb(255,54): error BC30451: 'mStr' is not declared. It may be inaccessible due to its protection level. [c:\Sys_Hes_Anb\Sys_Hes_Anb.vbproj]
C:\Sys_Hes_Anb\Forms\Hesabdary\HesabdaryBalanceSheetReportControl.vb(256,53): error BC30451: 't1Str' is not declared. It may be inaccessible due to its protection level. [c:\Sys_Hes_Anb\Sys_Hes_Anb.vbproj]
C:\Sys_Hes_Anb\Forms\Hesabdary\HesabdaryBalanceSheetReportControl.vb(257,53): error BC30451: 't2Str' is not declared. It may be inaccessible due to its protection level. [c:\Sys_Hes_Anb\Sys_Hes_Anb.vbproj]
C:\Sys_Hes_Anb\Forms\Hesabdary\HesabdaryBalanceSheetReportControl.vb(291,42): error BC30037: Character is not valid. [c:\Sys_Hes_Anb\Sys_Hes_Anb.vbproj]
C:\Sys_Hes_Anb\Forms\Hesabdary\HesabdaryBalanceSheetReportControl.vb(292,42): error BC30037: Character is not valid. [c:\Sys_Hes_Anb\Sys_Hes_Anb.vbproj]
C:\Sys_Hes_Anb\Forms\Hesabdary\HesabdaryBalanceSheetReportControl.vb(293,42): error BC30037: Character is not valid. [c:\Sys_Hes_Anb\Sys_Hes_Anb.vbproj]
C:\Sys_Hes_Anb\Forms\Hesabdary\HesabdaryBalanceSheetReportControl.vb(294,42): error BC30037: Character is not valid. [c:\Sys_Hes_Anb\Sys_Hes_Anb.vbproj]
C:\Sys_Hes_Anb\Forms\Hesabdary\HesabdaryBalanceSheetReportControl.vb(295,42): error BC30037: Character is not valid. [c:\Sys_Hes_Anb\Sys_Hes_Anb.vbproj]
C:\Sys_Hes_Anb\Forms\Hesabdary\HesabdaryBalanceSheetReportControl.vb(296,42): error BC30037: Character is not valid. [c:\Sys_Hes_Anb\Sys_Hes_Anb.vbproj]
C:\Sys_Hes_Anb\Forms\Hesabdary\HesabdaryBalanceSheetReportControl.vb(297,42): error BC30037: Character is not valid. [c:\Sys_Hes_Anb\Sys_Hes_Anb.vbproj]
C:\Sys_Hes_Anb\Forms\Hesabdary\HesabdaryBalanceSheetReportControl.vb(454,42): error BC30037: Character is not valid. [c:\Sys_Hes_Anb\Sys_Hes_Anb.vbproj]
C:\Sys_Hes_Anb\Forms\Hesabdary\HesabdaryBalanceSheetReportControl.vb(455,42): error BC30037: Character is not valid. [c:\Sys_Hes_Anb\Sys_Hes_Anb.vbproj]
C:\Sys_Hes_Anb\Forms\Hesabdary\HesabdaryBalanceSheetReportControl.vb(456,42): error BC30037: Character is not valid. [c:\Sys_Hes_Anb\Sys_Hes_Anb.vbproj]
C:\Sys_Hes_Anb\Forms\Hesabdary\HesabdaryBalanceSheetReportControl.vb(457,42): error BC30037: Character is not valid. [c:\Sys_Hes_Anb\Sys_Hes_Anb.vbproj]
C:\Sys_Hes_Anb\Forms\Hesabdary\HesabdaryBalanceSheetReportControl.vb(458,42): error BC30037: Character is not valid. [c:\Sys_Hes_Anb\Sys_Hes_Anb.vbproj]
C:\Sys_Hes_Anb\Forms\Hesabdary\HesabdaryBalanceSheetReportControl.vb(459,42): error BC30037: Character is not valid. [c:\Sys_Hes_Anb\Sys_Hes_Anb.vbproj]
C:\Sys_Hes_Anb\Forms\Hesabdary\HesabdaryBalanceSheetReportControl.vb(460,42): error BC30037: Character is not valid. [c:\Sys_Hes_Anb\Sys_Hes_Anb.vbproj]
C:\Sys_Hes_Anb\Forms\Hesabdary\HesabdaryBalanceSheetReportControl.vb(984,60): error BC30037: Character is not valid. [c:\Sys_Hes_Anb\Sys_Hes_Anb.vbproj]
C:\Sys_Hes_Anb\Forms\Hesabdary\HesabdaryBalanceSheetReportControl.vb(985,60): error BC30037: Character is not valid. [c:\Sys_Hes_Anb\Sys_Hes_Anb.vbproj]
C:\Sys_Hes_Anb\Forms\Hesabdary\HesabdaryBalanceSheetReportControl.vb(988,16): error BC30451: 'invMethodStr' is not declared. It may be inaccessible due to its protection level. [c:\Sys_Hes_Anb\Sys_Hes_Anb.vbproj]
C:\Sys_Hes_Anb\Forms\Hesabdary\HesabdaryBalanceSheetReportControl.vb(989,34): error BC30451: 'invManualStr' is not declared. It may be inaccessible due to its protection level. [c:\Sys_Hes_Anb\Sys_Hes_Anb.vbproj]
C:\Sys_Hes_Anb\Forms\Hesabdary\HesabdaryBalanceSheetReportControl.vb(1127,60): error BC30037: Character is not valid. [c:\Sys_Hes_Anb\Sys_Hes_Anb.vbproj]
C:\Sys_Hes_Anb\Forms\Hesabdary\HesabdaryBalanceSheetReportControl.vb(1128,60): error BC30037: Character is not valid. [c:\Sys_Hes_Anb\Sys_Hes_Anb.vbproj]
C:\Sys_Hes_Anb\Forms\Hesabdary\HesabdaryBalanceSheetReportControl.vb(1131,16): error BC30451: 'taxMethodStr' is not declared. It may be inaccessible due to its protection level. [c:\Sys_Hes_Anb\Sys_Hes_Anb.vbproj]
C:\Sys_Hes_Anb\Forms\Hesabdary\HesabdaryBalanceSheetReportControl.vb(1132,34): error BC30451: 'taxManualStr' is not declared. It may be inaccessible due to its protection level. [c:\Sys_Hes_Anb\Sys_Hes_Anb.vbproj]
C:\Sys_Hes_Anb\Forms\Hesabdary\HesabdaryProfitLossReportControl.vb(300,65): error BC30037: Character is not valid. [c:\Sys_Hes_Anb\Sys_Hes_Anb.vbproj]
C:\Sys_Hes_Anb\Forms\Hesabdary\HesabdaryProfitLossReportControl.vb(301,65): error BC30037: Character is not valid. [c:\Sys_Hes_Anb\Sys_Hes_Anb.vbproj]
C:\Sys_Hes_Anb\Forms\Hesabdary\HesabdaryProfitLossReportControl.vb(302,65): error BC30037: Character is not valid. [c:\Sys_Hes_Anb\Sys_Hes_Anb.vbproj]
C:\Sys_Hes_Anb\Forms\Hesabdary\HesabdaryProfitLossReportControl.vb(303,65): error BC30037: Character is not valid. [c:\Sys_Hes_Anb\Sys_Hes_Anb.vbproj]
C:\Sys_Hes_Anb\Forms\Hesabdary\HesabdaryProfitLossReportControl.vb(306,34): error BC30451: 'invMethodStr' is not declared. It may be inaccessible due to its protection level. [c:\Sys_Hes_Anb\Sys_Hes_Anb.vbproj]
C:\Sys_Hes_Anb\Forms\Hesabdary\HesabdaryProfitLossReportControl.vb(310,34): error BC30451: 'invManualStr' is not declared. It may be inaccessible due to its protection level. [c:\Sys_Hes_Anb\Sys_Hes_Anb.vbproj]
C:\Sys_Hes_Anb\Forms\Hesabdary\HesabdaryProfitLossReportControl.vb(314,34): error BC30451: 'taxMethodStr' is not declared. It may be inaccessible due to its protection level. [c:\Sys_Hes_Anb\Sys_Hes_Anb.vbproj]
C:\Sys_Hes_Anb\Forms\Hesabdary\HesabdaryProfitLossReportControl.vb(318,34): error BC30451: 'taxManualStr' is not declared. It may be inaccessible due to its protection level. [c:\Sys_Hes_Anb\Sys_Hes_Anb.vbproj]
C:\Sys_Hes_Anb\Forms\Hesabdary\HesabdaryProfitLossReportControl.vb(350,42): error BC30037: Character is not valid. [c:\Sys_Hes_Anb\Sys_Hes_Anb.vbproj]
C:\Sys_Hes_Anb\Forms\Hesabdary\HesabdaryProfitLossReportControl.vb(351,42): error BC30037: Character is not valid. [c:\Sys_Hes_Anb\Sys_Hes_Anb.vbproj]
C:\Sys_Hes_Anb\Forms\Hesabdary\HesabdaryProfitLossReportControl.vb(352,42): error BC30037: Character is not valid. [c:\Sys_Hes_Anb\Sys_Hes_Anb.vbproj]
C:\Sys_Hes_Anb\Forms\Hesabdary\HesabdaryProfitLossReportControl.vb(353,42): error BC30037: Character is not valid. [c:\Sys_Hes_Anb\Sys_Hes_Anb.vbproj]
C:\Sys_Hes_Anb\Forms\Hesabdary\HesabdaryProfitLossReportControl.vb(488,42): error BC30037: Character is not valid. [c:\Sys_Hes_Anb\Sys_Hes_Anb.vbproj]
C:\Sys_Hes_Anb\Forms\Hesabdary\HesabdaryProfitLossReportControl.vb(489,42): error BC30037: Character is not valid. [c:\Sys_Hes_Anb\Sys_Hes_Anb.vbproj]
C:\Sys_Hes_Anb\Forms\Hesabdary\HesabdaryProfitLossReportControl.vb(490,42): error BC30037: Character is not valid. [c:\Sys_Hes_Anb\Sys_Hes_Anb.vbproj]
C:\Sys_Hes_Anb\Forms\Hesabdary\HesabdaryProfitLossReportControl.vb(491,42): error BC30037: Character is not valid. [c:\Sys_Hes_Anb\Sys_Hes_Anb.vbproj]
C:\Sys_Hes_Anb\Forms\Moshtarak\FiscalYearSelectorForm.vb(178,38): error BC30456: 'FiscalYearName' is not a member of 'Sys_Hes_Anb.Forms.FiscalYearSelectorForm.FiscalYearItem'. [c:\Sys_Hes_Anb\Sys_Hes_Anb.vbproj]
C:\Sys_Hes_Anb\Forms\Moshtarak\FiscalYearSelectorForm.vb(224,38): error BC30126: 'ReadOnly' property must provide a 'Get'. [c:\Sys_Hes_Anb\Sys_Hes_Anb.vbproj]
C:\Sys_Hes_Anb\Forms\Moshtarak\FiscalYearSelectorForm.vb(225,13): error BC30634: Statement cannot appear within a property body. End of property assumed. [c:\Sys_Hes_Anb\Sys_Hes_Anb.vbproj]
C:\Sys_Hes_Anb\Forms\Moshtarak\FiscalYearSelectorForm.vb(227,13): error BC30634: Statement cannot appear within a property body. End of property assumed. [c:\Sys_Hes_Anb\Sys_Hes_Anb.vbproj]
C:\Sys_Hes_Anb\Forms\Moshtarak\FiscalYearSelectorForm.vb(229,17): error BC30451: 'FiscalYearName' is not declared. It may be inaccessible due to its protection level. [c:\Sys_Hes_Anb\Sys_Hes_Anb.vbproj]
C:\Sys_Hes_Anb\Forms\Moshtarak\FiscalYearSelectorForm.vb(233,31): error BC30451: 'FiscalYearName' is not declared. It may be inaccessible due to its protection level. [c:\Sys_Hes_Anb\Sys_Hes_Anb.vbproj]
vbc : error BC30041: Maximum number of errors has been exceeded. [c:\Sys_Hes_Anb\Sys_Hes_Anb.vbproj]
